Copyright 1986-2022 Xilinx, Inc. All Rights Reserved. Copyright 2022-2025 Advanced Micro Devices, Inc. All Rights Reserved.
---------------------------------------------------------------------------------------------------------------------------------------------
| Tool Version : Vivado v.2025.2 (lin64) Build 6299465 Fri Nov 14 12:34:56 MST 2025
| Date         : Thu Sep  3 02:11:21 2026
| Host         : sysmic-MS-7D09 running 64-bit Ubuntu 22.04.5 LTS
| Command      : report_control_sets -verbose -file cronometer_control_sets_placed.rpt
| Design       : cronometer
| Device       : xc7a100t
---------------------------------------------------------------------------------------------------------------------------------------------

Control Set Information

Table of Contents
-----------------
1. Summary
2. Histogram
3. Flip-Flop Distribution
4. Detailed Control Set Information

1. Summary
----------

+----------------------------------------------------------+-------+
|                          Status                          | Count |
+----------------------------------------------------------+-------+
| Total control sets                                       |     5 |
|    Minimum number of control sets                        |     5 |
|    Addition due to synthesis replication                 |     0 |
|    Addition due to physical synthesis replication        |     0 |
| Unused register locations in slices containing registers |    13 |
+----------------------------------------------------------+-------+
* Control sets can be merged at opt_design using control_set_merge or merge_equivalent_drivers
** Run report_qor_suggestions for automated merging and remapping suggestions


2. Histogram
------------

+--------------------+-------+
|       Fanout       | Count |
+--------------------+-------+
| Total control sets |     5 |
| >= 0 to < 4        |     0 |
| >= 4 to < 6        |     0 |
| >= 6 to < 8        |     3 |
| >= 8 to < 10       |     0 |
| >= 10 to < 12      |     0 |
| >= 12 to < 14      |     0 |
| >= 14 to < 16      |     0 |
| >= 16              |     2 |
+--------------------+-------+
* Control sets can be remapped at either synth_design or opt_design


3. Flip-Flop Distribution
-------------------------

+--------------+-----------------------+------------------------+-----------------+--------------+
| Clock Enable | Synchronous Set/Reset | Asynchronous Set/Reset | Total Registers | Total Slices |
+--------------+-----------------------+------------------------+-----------------+--------------+
| No           | No                    | No                     |               0 |            0 |
| No           | No                    | Yes                    |               0 |            0 |
| No           | Yes                   | No                     |              40 |           10 |
| Yes          | No                    | No                     |               0 |            0 |
| Yes          | No                    | Yes                    |               0 |            0 |
| Yes          | Yes                   | No                     |              19 |            6 |
+--------------+-----------------------+------------------------+-----------------+--------------+


4. Detailed Control Set Information
-----------------------------------

+----------------+---------------------------------+----------------------+------------------+----------------+--------------+
|  Clock Signal  |          Enable Signal          |   Set/Reset Signal   | Slice Load Count | Bel Load Count | Bels / Slice |
+----------------+---------------------------------+----------------------+------------------+----------------+--------------+
|  clk_IBUF_BUFG | _centesimas/E[0]                | rst_IBUF             |                2 |              6 |         3.00 |
|  clk_IBUF_BUFG | _centesimas/counter_reg[6]_0[0] | rst_IBUF             |                2 |              6 |         3.00 |
|  clk_IBUF_BUFG | _tick/_contador/tick            | rst_IBUF             |                2 |              7 |         3.50 |
|  clk_IBUF_BUFG |                                 | _tick/_contador/_rst |                5 |             20 |         4.00 |
|  clk_IBUF_BUFG |                                 | rst_IBUF             |                5 |             20 |         4.00 |
+----------------+---------------------------------+----------------------+------------------+----------------+--------------+


